main.c:124:5:main	8	static
main.c:172:6:SystemClock_Config	72	static
main.c:210:13:MX_TIM4_Init	32	static
main.c:255:13:MX_USART2_UART_Init	8	static
main.c:288:13:MX_GPIO_Init	40	static
main.c:334:6:SCH_Init_T2	24	static
main.c:353:6:TaskA	16	static
main.c:363:6:TaskB	16	static
main.c:373:6:TaskC	16	static
main.c:383:6:TaskD	16	static
main.c:393:6:TaskE	16	static
main.c:403:6:SCH_Update	16	static
main.c:426:7:SCH_Add_Task	32	static
main.c:445:6:SCH_Dispatch_Tasks	16	static
main.c:462:5:SCH_Delete_Task	32	static
main.c:484:6:SCH_Report_Status	4	static
main.c:508:6:SCH_Go_To_Sleep	8	static
main.c:516:6:HAL_TIM_PeriodElapsedCallback	16	static
main.c:525:6:Error_Handler	4	static
